<html>
<body>
<pre>
<h1>µVision Build Log</h1>
<h2>Project:</h2>
F:\STM32\1 stm32³ÌÐò\USER\HZ.uvprojx
Project File Date:  09/17/2022

<h2>Output:</h2>
Rebuild target 'HZ'
compiling main.c...
compiling stm32f10x_it.c...
compiling system_stm32f10x.c...
compiling led.c...
compiling key.c...
compiling lcd.c...
compiling spi.c...
compiling w25qxx.c...
compiling sdio_sdcard.c...
compiling dht11.c...
compiling timer.c...
compiling 24cxx.c...
compiling myiic.c...
compiling ctiic.c...
compiling touch.c...
compiling ott2001a.c...
compiling gt9147.c...
compiling ft5206.c...
compiling usart2.c...
compiling stmflash.c...
compiling delay.c...
compiling sys.c...
compiling usart.c...
compiling core_cm3.c...
assembling startup_stm32f10x_hd.s...
compiling misc.c...
compiling stm32f10x_fsmc.c...
compiling stm32f10x_gpio.c...
compiling stm32f10x_rcc.c...
compiling stm32f10x_spi.c...
compiling stm32f10x_usart.c...
compiling stm32f10x_tim.c...
compiling stm32f10x_sdio.c...
compiling stm32f10x_dma.c...
compiling stm32f10x_flash.c...
compiling malloc.c...
compiling diskio.c...
compiling ff.c...
compiling exfuns.c...
compiling fattester.c...
compiling mycc936.c...
compiling usmart.c...
compiling usmart_config.c...
compiling usmart_str.c...
compiling fontupd.c...
compiling text.c...
linking...
Program Size: Code=84734 RO-data=9062 RW-data=564 ZI-data=52696  
FromELF: creating hex file...
"..\OBJ\HZ.axf" - 0 Error(s), 0 Warning(s).
Load "..\\OBJ\\HZ.axf" 
Erase Done.
Programming Done.
Verify OK.
Application running ...
</pre>
</body>
</html>
